// Jest Snapshot v1, https://goo.gl/fbAQLP

exports[`<HomePage /> matches snapshot 1`] = `
<div
  className="makeStyles-root-1"
>
  <div
    className="MuiContainer-root makeStyles-containerItems-2 MuiContainer-maxWidthLg"
  >
    <div
      className="MuiPaper-root makeStyles-paperLayout-3 MuiPaper-elevation3 MuiPaper-rounded"
    >
      <h3
        className="MuiTypography-root makeStyles-title-6 MuiTypography-h2"
      >
        Feedr
      </h3>
      <button
        className="MuiButtonBase-root MuiButton-root MuiButton-contained makeStyles-buttonLogin-4 MuiButton-containedPrimary"
        disabled={false}
        onBlur={[Function]}
        onDragLeave={[Function]}
        onFocus={[Function]}
        onKeyDown={[Function]}
        onKeyUp={[Function]}
        onMouseDown={[Function]}
        onMouseLeave={[Function]}
        onMouseUp={[Function]}
        onTouchEnd={[Function]}
        onTouchMove={[Function]}
        onTouchStart={[Function]}
        tabIndex={0}
        type="button"
      >
        <span
          className="MuiButton-label"
        >
          Sign in with Google
        </span>
      </button>
    </div>
  </div>
</div>
`;
